Copyright 1986-2022 Xilinx, Inc. All Rights Reserved. Copyright 2022-2025 Advanced Micro Devices, Inc. All Rights Reserved.
---------------------------------------------------------------------------------------------------------------------------------------------
| Tool Version : Vivado v.2025.2 (win64) Build 6299465 Fri Nov 14 19:35:11 GMT 2025
| Date         : Sat Mar 14 22:08:42 2026
| Host         : Mercury running 64-bit major release  (build 9200)
| Command      : report_drc -file opt_report_drc_0.rpt -pb opt_report_drc_0.pb -rpx opt_report_drc_0.rpx
| Design       : design_1_wrapper
| Device       : xcve2302-sfva784-1LP-e-S
| Speed File   : -1LP
| Design State : Synthesized
---------------------------------------------------------------------------------------------------------------------------------------------

Report DRC

Table of Contents
-----------------
1. REPORT SUMMARY
2. REPORT DETAILS

1. REPORT SUMMARY
-----------------
            Netlist: netlist
          Floorplan: design_1
      Design limits: <entire design considered>
           Ruledeck: default
             Max checks: <unlimited>
             Checks found: 2
+--------+----------+---------------------+--------+
| Rule   | Severity | Description         | Checks |
+--------+----------+---------------------+--------+
| CSUC-1 | Warning  | Unconnected channel | 2      |
+--------+----------+---------------------+--------+

2. REPORT DETAILS
-----------------
CSUC-1#1 Warning
Unconnected channel  
HW Debug port design_1_i/versal_cips_0/pl0_ref_clk is unconnected.  Unconnected channels may cause errors during implementation.  Since this port cannot be removed, please connect this port or remove the associated debug core.
Related violations: <none>

CSUC-1#2 Warning
Unconnected channel  
HW Debug port design_1_i/versal_cips_0/pl0_resetn is unconnected.  Unconnected channels may cause errors during implementation.  Since this port cannot be removed, please connect this port or remove the associated debug core.
Related violations: <none>


