Copyright 1986-2022 Xilinx, Inc. All Rights Reserved. Copyright 2022-2025 Advanced Micro Devices, Inc. All Rights Reserved.
-----------------------------------------------------------------------------------------------------------------------------------------------------------
| Tool Version      : Vivado v.2025.2 (win64) Build 6299465 Fri Nov 14 19:35:11 GMT 2025
| Date              : Sat Mar 14 22:09:15 2026
| Host              : Mercury running 64-bit major release  (build 9200)
| Command           : report_bus_skew -warn_on_violation -file route_report_bus_skew_0.rpt -pb route_report_bus_skew_0.pb -rpx route_report_bus_skew_0.rpx
| Design            : design_1_wrapper
| Device            : xcve2302-sfva784
| Speed File        : -1LP  PRODUCTION 2.04 2025-08-19
| Design State      : Routed
| Temperature Grade : E
-----------------------------------------------------------------------------------------------------------------------------------------------------------

Bus Skew Report

No bus skew constraints

